\BOOKMARK [1][-]{section.1}{\376\377\000I\000n\000t\000r\000o\000d\000u\000c\000t\000i\000o\000n}{}% 1
\BOOKMARK [1][-]{section.2}{\376\377\000N\000o\000t\000a\000t\000i\000o\000n\000\040\000f\000o\000r\000\040\000e\000c\000o\000l\000o\000g\000i\000c\000a\000l\000\040\000i\000n\000f\000e\000r\000e\000n\000c\000e}{}% 2
\BOOKMARK [2][-]{subsection.2.1}{\376\377\000G\000l\000o\000b\000a\000l\000\040\000a\000n\000d\000\040\000l\000o\000c\000a\000l\000\040\000e\000s\000t\000i\000m\000a\000n\000d\000s}{section.2}% 3
\BOOKMARK [2][-]{subsection.2.2}{\376\377\000D\000i\000f\000f\000e\000r\000e\000n\000t\000\040\000a\000s\000s\000u\000m\000p\000t\000i\000o\000n\000s\000,\000\040\000d\000i\000f\000f\000e\000r\000e\000n\000t\000\040\000s\000t\000r\000a\000t\000e\000g\000i\000e\000s}{section.2}% 4
\BOOKMARK [3][-]{subsubsection.2.2.1}{\376\377\000C\000o\000m\000m\000o\000n\000\040\000C\000o\000e\000f\000f\000i\000c\000i\000e\000n\000t\000\040\000a\000s\000s\000u\000m\000p\000t\000i\000o\000n}{subsection.2.2}% 5
\BOOKMARK [3][-]{subsubsection.2.2.2}{\376\377\000C\000C\000A\000R\000\040\000a\000s\000s\000u\000m\000p\000t\000i\000o\000n}{subsection.2.2}% 6
\BOOKMARK [3][-]{subsubsection.2.2.3}{\376\377\000A\000d\000d\000i\000n\000g\000\040\000c\000o\000v\000a\000r\000i\000a\000t\000e\000s\000:\000\040\000C\000A\000R\000\040\000a\000s\000s\000u\000m\000p\000t\000i\000o\000n}{subsection.2.2}% 7
\BOOKMARK [1][-]{section.3}{\376\377\000A\000\040\000m\000o\000d\000e\000l\000\040\000f\000o\000r\000\040\000e\000l\000e\000c\000t\000o\000r\000a\000l\000\040\000c\000o\000m\000p\000e\000t\000i\000t\000i\000o\000n\000s}{}% 8
\BOOKMARK [1][-]{section.4}{\376\377\000A\000\040\000s\000y\000n\000t\000h\000e\000t\000i\000c\000\040\000e\000x\000a\000m\000p\000l\000e}{}% 9
\BOOKMARK [2][-]{subsection.4.1}{\376\377\000I\000t\000a\000l\000i\000a\000n\000\040\000c\000o\000n\000s\000t\000i\000t\000u\000t\000i\000o\000n\000a\000l\000\040\000r\000e\000f\000e\000r\000e\000n\000d\000u\000m\000:\000\040\000a\000\040\000m\000o\000t\000i\000v\000a\000t\000i\000n\000g\000\040\000e\000x\000a\000m\000p\000l\000e}{section.4}% 10
\BOOKMARK [2][-]{subsection.4.2}{\376\377\000T\000h\000e\000\040\000s\000y\000n\000t\000h\000e\000t\000i\000c\000\040\000e\000x\000p\000e\000r\000i\000m\000e\000n\000t}{section.4}% 11
\BOOKMARK [3][-]{subsubsection.4.2.1}{\376\377\000D\000a\000t\000a\000\040\000g\000e\000n\000e\000r\000a\000t\000i\000n\000g\000\040\000p\000r\000o\000c\000e\000s\000s}{subsection.4.2}% 12
\BOOKMARK [3][-]{subsubsection.4.2.2}{\376\377\000F\000r\000o\000m\000\040\000D\000G\000P\000\040\000t\000o\000\040\000t\000h\000e\000\040\000m\000o\000d\000e\000l}{subsection.4.2}% 13
\BOOKMARK [2][-]{subsection.4.3}{\376\377\000C\000o\000m\000p\000a\000r\000i\000s\000o\000n\000\040\000o\000f\000\040\000r\000e\000s\000u\000l\000t\000s}{section.4}% 14
\BOOKMARK [3][-]{subsubsection.4.3.1}{\376\377\000O\000L\000S\000\040\000e\000s\000t\000i\000m\000a\000t\000e\000s}{subsection.4.3}% 15
\BOOKMARK [3][-]{subsubsection.4.3.2}{\376\377\000s\000e\000i\000n\000e\000\040\000e\000s\000t\000i\000m\000a\000t\000e\000s}{subsection.4.3}% 16
\BOOKMARK [3][-]{subsubsection.4.3.3}{\376\377\000I\000n\000t\000e\000r\000a\000c\000t\000i\000o\000n\000\040\000b\000e\000t\000w\000e\000e\000n\000\040\000X\000g\000\040\000a\000n\000d\000\040\000Z\000g}{subsection.4.3}% 17
\BOOKMARK [1][-]{section.5}{\376\377\000A\000n\000\040\000a\000p\000p\000l\000i\000c\000a\000t\000i\000o\000n\000\040\000t\000o\000\040\000T\000e\000x\000a\000s\000\040\000e\000l\000e\000c\000t\000o\000r\000a\000l\000\040\000d\000a\000t\000a}{}% 18
\BOOKMARK [2][-]{subsection.5.1}{\376\377\000C\000o\000n\000s\000t\000r\000u\000c\000t\000i\000o\000n\000\040\000o\000f\000\040\000t\000h\000e\000\040\000d\000a\000t\000a\000s\000e\000t}{section.5}% 19
\BOOKMARK [2][-]{subsection.5.2}{\376\377\000C\000h\000o\000i\000c\000e\000\040\000o\000f\000\040\000v\000a\000r\000i\000a\000b\000l\000e\000s\000\040\000a\000n\000d\000\040\000v\000a\000l\000i\000d\000i\000t\000y\000\040\000o\000f\000\040\000t\000h\000e\000\040\000a\000s\000s\000u\000m\000p\000t\000i\000o\000n\000s}{section.5}% 20
\BOOKMARK [2][-]{subsection.5.3}{\376\377\000R\000e\000s\000u\000l\000t\000s\000\040\000o\000f\000\040\000t\000h\000e\000\040\000e\000s\000t\000i\000m\000a\000t\000i\000o\000n}{section.5}% 21
\BOOKMARK [1][-]{section.6}{\376\377\000C\000o\000n\000c\000l\000u\000s\000i\000o\000n\000s}{}% 22
\BOOKMARK [1][-]{section.7}{\376\377\000A\000p\000p\000e\000n\000d\000i\000x\000\040\000A\000:\000\040\000A\000\040\000n\000o\000n\000-\000l\000i\000n\000e\000a\000r\000\040\000s\000y\000n\000t\000h\000e\000t\000i\000c\000\040\000e\000x\000a\000m\000p\000l\000e}{}% 23
\BOOKMARK [2][-]{subsection.7.1}{\376\377\000D\000a\000t\000a\000\040\000g\000e\000n\000e\000r\000a\000t\000i\000n\000g\000\040\000p\000r\000o\000c\000e\000s\000s}{section.7}% 24
\BOOKMARK [2][-]{subsection.7.2}{\376\377\000C\000o\000m\000p\000a\000r\000i\000s\000o\000n\000\040\000o\000f\000\040\000r\000e\000s\000u\000l\000t\000s}{section.7}% 25
\BOOKMARK [3][-]{subsubsection.7.2.1}{\376\377\000O\000L\000S}{subsection.7.2}% 26
\BOOKMARK [3][-]{subsubsection.7.2.2}{\376\377\000s\000e\000i\000n\000e}{subsection.7.2}% 27
\BOOKMARK [3][-]{subsubsection.7.2.3}{\376\377\000I\000n\000t\000e\000r\000a\000c\000t\000i\000o\000n\000\040\000b\000e\000t\000w\000e\000e\000n\000\040\000X\000g\000\040\000a\000n\000d\000\040\000Z\000g}{subsection.7.2}% 28
\BOOKMARK [1][-]{section.8}{\376\377\000A\000p\000p\000e\000n\000d\000i\000x\000\040\000B\000:\000\040\000C\000o\000n\000s\000t\000r\000u\000c\000t\000i\000o\000n\000\040\000o\000f\000\040\000t\000h\000e\000\040\000d\000a\000t\000a\000s\000e\000t}{}% 29
\BOOKMARK [1][-]{section.9}{\376\377\000C\000o\000d\000e}{}% 30
